\BOOKMARK [0][-]{chapter*.1}{\376\377\000A\000g\000r\000a\000d\000e\000c\000i\000m\000i\000e\000n\000t\000o\000s}{}% 1
\BOOKMARK [0][-]{chapter*.2}{\376\377\000R\000e\000s\000u\000m\000e\000n}{}% 2
\BOOKMARK [0][-]{chapter*.4}{\376\377\000A\000b\000s\000t\000r\000a\000c\000t}{}% 3
\BOOKMARK [0][-]{chapter*.6}{\376\377\000L\000i\000s\000t\000a\000\040\000d\000e\000\040\000s\000\355\000m\000b\000o\000l\000o\000s}{}% 4
\BOOKMARK [0][-]{chapter*.7}{\376\377\000A\000c\000r\000\363\000n\000i\000m\000o\000s}{}% 5
\BOOKMARK [0][-]{chapter*.8}{\376\377\000\315\000n\000d\000i\000c\000e}{}% 6
\BOOKMARK [0][-]{chapter.1}{\376\377\000I\000n\000t\000r\000o\000d\000u\000c\000c\000i\000\363\000n}{}% 7
\BOOKMARK [1][-]{section.1.1}{\376\377\000M\000o\000t\000i\000v\000a\000c\000i\000\363\000n\000\040\000d\000e\000l\000\040\000p\000r\000o\000y\000e\000c\000t\000o}{chapter.1}% 8
\BOOKMARK [1][-]{section.1.2}{\376\377\000V\000e\000n\000t\000a\000n\000a\000\040\000f\000o\000t\000o\000v\000o\000l\000t\000a\000i\000c\000a}{chapter.1}% 9
\BOOKMARK [1][-]{section.1.3}{\376\377\000O\000b\000j\000e\000t\000i\000v\000o\000s}{chapter.1}% 10
\BOOKMARK [2][-]{subsection.1.3.1}{\376\377\000O\000b\000j\000e\000t\000i\000v\000o\000\040\000g\000e\000n\000e\000r\000a\000l}{section.1.3}% 11
\BOOKMARK [2][-]{subsection.1.3.2}{\376\377\000O\000b\000j\000e\000t\000i\000v\000o\000s\000\040\000e\000s\000p\000e\000c\000\355\000f\000i\000c\000o\000s}{section.1.3}% 12
\BOOKMARK [1][-]{section.1.4}{\376\377\000E\000s\000t\000r\000u\000c\000t\000u\000r\000a\000\040\000d\000e\000l\000\040\000d\000o\000c\000u\000m\000e\000n\000t\000o}{chapter.1}% 13
\BOOKMARK [0][-]{chapter.2}{\376\377\000M\000a\000r\000c\000o\000\040\000t\000e\000\363\000r\000i\000c\000o}{}% 14
\BOOKMARK [1][-]{section.2.1}{\376\377\000R\000a\000d\000i\000a\000c\000i\000\363\000n\000\040\000s\000o\000l\000a\000r}{chapter.2}% 15
\BOOKMARK [2][-]{subsection.2.1.1}{\376\377\000C\000o\000m\000p\000o\000n\000e\000n\000t\000e\000s\000\040\000d\000e\000\040\000l\000a\000\040\000r\000a\000d\000i\000a\000c\000i\000\363\000n\000\040\000s\000o\000l\000a\000r}{section.2.1}% 16
\BOOKMARK [2][-]{subsection.2.1.2}{\376\377\000P\000o\000s\000i\000c\000i\000\363\000n\000\040\000d\000e\000l\000\040\000s\000o\000l\000\040\000y\000\040\000\341\000n\000g\000u\000l\000o\000\040\000d\000e\000\040\000i\000n\000c\000i\000d\000e\000n\000c\000i\000a\000\040\000r\000e\000s\000p\000e\000c\000t\000o\000\040\000d\000e\000\040\000u\000n\000a\000\040\000s\000u\000p\000e\000r\000f\000i\000c\000i\000e}{section.2.1}% 17
\BOOKMARK [1][-]{section.2.2}{\376\377\000E\000f\000e\000m\000\351\000r\000i\000d\000e\000s\000\040\000S\000o\000l\000a\000r\000e\000s}{chapter.2}% 18
\BOOKMARK [2][-]{subsection.2.2.1}{\376\377\000H\000o\000r\000a\000\040\000s\000o\000l\000a\000r\000\040\000y\000\040\000h\000o\000r\000a\000\040\000o\000f\000i\000c\000i\000a\000l}{section.2.2}% 19
\BOOKMARK [2][-]{subsection.2.2.2}{\376\377\000F\000r\000a\000c\000c\000i\000\363\000n\000\040\000d\000e\000l\000\040\000a\000\361\000o}{section.2.2}% 20
\BOOKMARK [2][-]{subsection.2.2.3}{\376\377\000D\000e\000c\000l\000i\000n\000a\000c\000i\000\363\000n\000\040\000s\000o\000l\000a\000r}{section.2.2}% 21
\BOOKMARK [2][-]{subsection.2.2.4}{\376\377\000E\000c\000u\000a\000c\000i\000\363\000n\000\040\000d\000e\000l\000\040\000t\000i\000e\000m\000p\000o}{section.2.2}% 22
\BOOKMARK [2][-]{subsection.2.2.5}{\376\377\000T\000i\000e\000m\000p\000o\000\040\000s\000o\000l\000a\000r\000\040\000v\000e\000r\000d\000a\000d\000e\000r\000o}{section.2.2}% 23
\BOOKMARK [2][-]{subsection.2.2.6}{\376\377\000\301\000n\000g\000u\000l\000o\000\040\000h\000o\000r\000a\000r\000i\000o}{section.2.2}% 24
\BOOKMARK [2][-]{subsection.2.2.7}{\376\377\000\301\000n\000g\000u\000l\000o\000\040\000c\000e\000n\000i\000t\000a\000l\000,\000\040\000e\000l\000e\000v\000a\000c\000i\000\363\000n\000\040\000y\000\040\000a\000z\000i\000m\000u\000t\000\040\000s\000o\000l\000a\000r}{section.2.2}% 25
\BOOKMARK [1][-]{section.2.3}{\376\377\000C\000\341\000l\000c\000u\000l\000o\000\040\000d\000e\000\040\000\341\000n\000g\000u\000l\000o\000s\000\040\000d\000e\000\040\000i\000n\000c\000i\000d\000e\000n\000c\000i\000a\000\040\000e\000n\000\040\000l\000a\000\040\000s\000u\000p\000e\000r\000f\000i\000c\000i\000e\000\040\000d\000e\000\040\000l\000a\000\040\000v\000e\000n\000t\000a\000n\000a}{chapter.2}% 26
\BOOKMARK [2][-]{subsection.2.3.1}{\376\377\000T\000r\000a\000n\000s\000f\000o\000r\000m\000a\000c\000i\000\363\000n\000\040\000d\000e\000\040\000e\000f\000e\000m\000\351\000r\000i\000d\000e\000s\000\040\000s\000o\000l\000a\000r\000e\000s\000\040\000a\000\040\000\341\000n\000g\000u\000l\000o\000s\000\040\000d\000e\000\040\000i\000n\000c\000i\000d\000e\000n\000c\000i\000a}{section.2.3}% 27
\BOOKMARK [1][-]{section.2.4}{\376\377\000F\000u\000n\000d\000a\000m\000e\000n\000t\000o\000s\000\040\000d\000e\000\040\000l\000a\000\040\000e\000n\000e\000r\000g\000\355\000a\000\040\000s\000o\000l\000a\000r\000\040\000f\000o\000t\000o\000v\000o\000l\000t\000a\000i\000c\000a}{chapter.2}% 28
\BOOKMARK [2][-]{subsection.2.4.1}{\376\377\000C\000\351\000l\000u\000l\000a\000s\000\040\000s\000o\000l\000a\000r\000e\000s}{section.2.4}% 29
\BOOKMARK [2][-]{subsection.2.4.2}{\376\377\000C\000o\000n\000v\000e\000r\000s\000i\000\363\000n\000\040\000f\000o\000t\000o\000v\000o\000l\000t\000a\000i\000c\000a}{section.2.4}% 30
\BOOKMARK [2][-]{subsection.2.4.3}{\376\377\000C\000a\000r\000a\000c\000t\000e\000r\000i\000z\000a\000c\000i\000\363\000n\000\040\000e\000l\000\351\000c\000t\000r\000i\000c\000a\000\040\000d\000e\000\040\000u\000n\000a\000\040\000c\000\351\000l\000u\000l\000a\000\040\000f\000o\000t\000o\000v\000o\000l\000t\000a\000i\000c\000a\000:\000\040\000c\000u\000r\000v\000a\000\040\000I\040\023\000V}{section.2.4}% 31
\BOOKMARK [2][-]{subsection.2.4.4}{\376\377\000P\000\351\000r\000d\000i\000d\000a\000s\000:\000\040\000c\000i\000r\000c\000u\000i\000t\000o\000\040\000e\000q\000u\000i\000v\000a\000l\000e\000n\000t\000e}{section.2.4}% 32
\BOOKMARK [1][-]{section.2.5}{\376\377\000M\000\363\000d\000u\000l\000o\000s\000\040\000f\000o\000t\000o\000v\000o\000l\000t\000a\000i\000c\000o\000s}{chapter.2}% 33
\BOOKMARK [2][-]{subsection.2.5.1}{\376\377\000E\000s\000t\000r\000u\000c\000t\000u\000r\000a\000\040\000y\000\040\000c\000o\000m\000p\000o\000n\000e\000n\000t\000e\000s\000\040\000d\000e\000\040\000u\000n\000\040\000m\000\363\000d\000u\000l\000o\000\040\000f\000o\000t\000o\000v\000o\000l\000t\000a\000i\000c\000o}{section.2.5}% 34
\BOOKMARK [1][-]{section.2.6}{\376\377\000B\000I\000P\000V}{chapter.2}% 35
\BOOKMARK [2][-]{subsection.2.6.1}{\376\377\000C\000o\000m\000p\000o\000n\000e\000n\000t\000e\000s\000\040\000y\000\040\000t\000i\000p\000o\000l\000o\000g\000\355\000a\000s\000\040\000d\000e\000\040\000s\000i\000s\000t\000e\000m\000a\000s\000\040\000B\000I\000P\000V}{section.2.6}% 36
\BOOKMARK [1][-]{section.2.7}{\376\377\000C\000o\000n\000c\000e\000n\000t\000r\000a\000c\000i\000\363\000n\000\040\000f\000o\000t\000o\000v\000o\000l\000t\000a\000i\000c\000a}{chapter.2}% 37
\BOOKMARK [2][-]{subsection.2.7.1}{\376\377\000C\000\351\000l\000u\000l\000a\000s\000\040\000m\000u\000l\000t\000i\000-\000u\000n\000i\000\363\000n}{section.2.7}% 38
\BOOKMARK [1][-]{section.2.8}{\376\377\000\323\000p\000t\000i\000c\000a\000\040\000g\000e\000o\000m\000\351\000t\000r\000i\000c\000a}{chapter.2}% 39
\BOOKMARK [2][-]{subsection.2.8.1}{\376\377\000P\000r\000i\000n\000c\000i\000p\000i\000o\000\040\000d\000e\000\040\000F\000e\000r\000m\000a\000t}{section.2.8}% 40
\BOOKMARK [2][-]{subsection.2.8.2}{\376\377\000R\000e\000f\000r\000a\000c\000c\000i\000\363\000n\000\040\000d\000e\000\040\000l\000a\000\040\000l\000u\000z\000\040\000y\000\040\000l\000e\000y\000\040\000d\000e\000\040\000S\000n\000e\000l\000l}{section.2.8}% 41
\BOOKMARK [2][-]{subsection.2.8.3}{\376\377\000E\000c\000u\000a\000c\000i\000\363\000n\000\040\000d\000e\000\040\000l\000a\000\040\000l\000e\000n\000t\000e\000\040\000d\000e\000l\000g\000a\000d\000a}{section.2.8}% 42
\BOOKMARK [2][-]{subsection.2.8.4}{\376\377\000E\000c\000u\000a\000c\000i\000\363\000n\000\040\000d\000e\000l\000\040\000f\000a\000b\000r\000i\000c\000a\000n\000t\000e\000\040\000d\000e\000\040\000l\000e\000n\000t\000e\000s}{section.2.8}% 43
\BOOKMARK [2][-]{subsection.2.8.5}{\376\377\000L\000e\000n\000t\000e\000\040\000d\000e\000\040\000F\000r\000e\000s\000n\000e\000l}{section.2.8}% 44
\BOOKMARK [0][-]{chapter.3}{\376\377\000E\000s\000t\000a\000d\000o\000\040\000d\000e\000l\000\040\000a\000r\000t\000e}{}% 45
\BOOKMARK [0][-]{chapter.4}{\376\377\000D\000e\000s\000c\000r\000i\000p\000c\000i\000\363\000n\000\040\000d\000e\000l\000\040\000p\000r\000o\000t\000o\000t\000i\000p\000o\000\040\000d\000e\000\040\000v\000e\000n\000t\000a\000n\000a\000\040\000B\000I\000P\000V}{}% 46
\BOOKMARK [1][-]{section.4.1}{\376\377\000P\000u\000n\000t\000o\000\040\000d\000e\000\040\000p\000a\000r\000t\000i\000d\000a}{chapter.4}% 47
\BOOKMARK [1][-]{section.4.2}{\376\377\000S\000i\000s\000t\000e\000m\000a\000\040\000m\000\363\000v\000i\000l}{chapter.4}% 48
\BOOKMARK [2][-]{subsection.4.2.1}{\376\377\000M\000o\000v\000i\000m\000i\000e\000n\000t\000o\000\040\000v\000e\000r\000t\000i\000c\000a\000l}{section.4.2}% 49
\BOOKMARK [2][-]{subsection.4.2.2}{\376\377\000M\000o\000v\000i\000m\000i\000e\000n\000t\000o\000\040\000h\000o\000r\000i\000z\000o\000n\000t\000a\000l}{section.4.2}% 50
\BOOKMARK [2][-]{subsection.4.2.3}{\376\377\000D\000r\000i\000v\000e\000r\000s\000\040\000d\000e\000\040\000l\000o\000s\000\040\000m\000o\000t\000o\000r\000e\000s}{section.4.2}% 51
\BOOKMARK [0][-]{chapter.5}{\376\377\000D\000i\000s\000e\000\361\000o\000\040\000d\000e\000l\000\040\000p\000r\000o\000y\000e\000c\000t\000o}{}% 52
\BOOKMARK [1][-]{section.5.1}{\376\377\000C\000o\000n\000s\000i\000d\000e\000r\000a\000c\000i\000o\000n\000e\000s\000\040\000i\000n\000i\000c\000i\000a\000l\000e\000s}{chapter.5}% 53
\BOOKMARK [1][-]{section.5.2}{\376\377\000P\000l\000a\000n\000t\000e\000a\000m\000i\000e\000n\000t\000o\000\040\000d\000e\000\040\000r\000e\000q\000u\000i\000s\000i\000t\000o\000s\000\040\000y\000\040\000s\000e\000l\000e\000c\000c\000i\000\363\000n\000\040\000t\000e\000c\000n\000o\000l\000\363\000g\000i\000c\000a}{chapter.5}% 54
\BOOKMARK [2][-]{subsection.5.2.1}{\376\377\000R\000e\000q\000u\000i\000s\000i\000t\000o\000s\000\040\000f\000u\000n\000c\000i\000o\000n\000a\000l\000e\000s}{section.5.2}% 55
\BOOKMARK [2][-]{subsection.5.2.2}{\376\377\000R\000e\000q\000u\000i\000s\000i\000t\000o\000s\000\040\000n\000o\000\040\000f\000u\000n\000c\000i\000o\000n\000a\000l\000e\000s}{section.5.2}% 56
\BOOKMARK [1][-]{section.5.3}{\376\377\000C\000r\000i\000t\000e\000r\000i\000o\000s\000\040\000d\000e\000\040\000s\000e\000l\000e\000c\000c\000i\000\363\000n\000\040\000t\000e\000c\000n\000o\000l\000\363\000g\000i\000c\000a}{chapter.5}% 57
\BOOKMARK [1][-]{section.5.4}{\376\377\000A\000l\000t\000e\000r\000n\000a\000t\000i\000v\000a\000s\000\040\000p\000a\000r\000a\000\040\000l\000a\000\040\000p\000l\000a\000t\000a\000f\000o\000r\000m\000a\000\040\000h\000a\000r\000d\000w\000a\000r\000e}{chapter.5}% 58
\BOOKMARK [2][-]{subsection.5.4.1}{\376\377\000P\000L\000C\000\040\000\050\000C\000o\000n\000t\000r\000o\000l\000a\000d\000o\000r\000e\000s\000\040\000l\000\363\000g\000i\000c\000o\000s\000\040\000p\000r\000o\000g\000r\000a\000m\000a\000b\000l\000e\000s\000\051}{section.5.4}% 59
\BOOKMARK [2][-]{subsection.5.4.2}{\376\377\000F\000P\000G\000A\000\040\000\050\000F\000i\000e\000l\000d\000\040\000P\000r\000o\000g\000r\000a\000m\000m\000a\000b\000l\000e\000\040\000G\000a\000t\000e\000\040\000A\000r\000r\000a\000y\000\051}{section.5.4}% 60
\BOOKMARK [2][-]{subsection.5.4.3}{\376\377\000S\000T\000M\0003\0002}{section.5.4}% 61
\BOOKMARK [2][-]{subsection.5.4.4}{\376\377\000E\000S\000P\0003\0002}{section.5.4}% 62
\BOOKMARK [2][-]{subsection.5.4.5}{\376\377\000O\000t\000r\000o\000s\000\040\000m\000i\000c\000r\000o\000c\000o\000n\000t\000r\000o\000l\000a\000d\000o\000r\000e\000s\000\040\000d\000e\000\040\0003\0002\000\040\000b\000i\000t\000s}{section.5.4}% 63
\BOOKMARK [2][-]{subsection.5.4.6}{\376\377\000D\000e\000s\000c\000a\000r\000t\000e\000s\000\040\000h\000a\000r\000d\000w\000a\000r\000e}{section.5.4}% 64
\BOOKMARK [1][-]{section.5.5}{\376\377\000S\000e\000l\000e\000c\000c\000i\000\363\000n\000\040\000d\000e\000\040\000S\000o\000f\000t\000w\000a\000r\000e}{chapter.5}% 65
\BOOKMARK [2][-]{subsection.5.5.1}{\376\377\000S\000o\000f\000t\000w\000a\000r\000e\000\040\000a\000s\000o\000c\000i\000a\000d\000o\000\040\000a\000\040\000E\000S\000P\0003\0002}{section.5.5}% 66
\BOOKMARK [2][-]{subsection.5.5.2}{\376\377\000S\000o\000f\000t\000w\000a\000r\000e\000\040\000a\000s\000o\000c\000i\000a\000d\000o\000\040\000a\000\040\000S\000T\000M\0003\0002}{section.5.5}% 67
\BOOKMARK [2][-]{subsection.5.5.3}{\376\377\000S\000o\000f\000t\000w\000a\000r\000e\000\040\000a\000s\000o\000c\000i\000a\000d\000o\000\040\000a\000\040\000m\000i\000c\000r\000o\000c\000o\000n\000t\000r\000o\000l\000a\000d\000o\000r\000e\000s\000\040\000S\000A\000M\000D\000/\000S\000A\000M\000E}{section.5.5}% 68
\BOOKMARK [1][-]{section.5.6}{\376\377\000D\000i\000s\000c\000u\000s\000i\000\363\000n\000\040\000d\000e\000\040\000l\000a\000s\000\040\000d\000e\000c\000i\000s\000i\000o\000n\000e\000s\000\040\000a\000d\000o\000p\000t\000a\000d\000a\000s}{chapter.5}% 69
\BOOKMARK [2][-]{subsection.5.6.1}{\376\377\000J\000u\000s\000t\000i\000f\000i\000c\000a\000c\000i\000\363\000n\000\040\000d\000e\000\040\000l\000a\000\040\000p\000l\000a\000t\000a\000f\000o\000r\000m\000a\000\040\000E\000S\000P\0003\0002\000-\000S\0003\000-\000D\000e\000v\000K\000i\000t\000C\000-\0001}{section.5.6}% 70
\BOOKMARK [1][-]{section.5.7}{\376\377\000H\000e\000r\000r\000a\000m\000i\000e\000n\000t\000a\000s\000\040\000u\000t\000i\000l\000i\000z\000a\000d\000a\000s}{chapter.5}% 71
\BOOKMARK [2][-]{subsection.5.7.1}{\376\377\000H\000a\000r\000d\000w\000a\000r\000e}{section.5.7}% 72
\BOOKMARK [2][-]{subsection.5.7.2}{\376\377\000S\000o\000f\000t\000w\000a\000r\000e}{section.5.7}% 73
\BOOKMARK [1][-]{section.5.8}{\376\377\000D\000i\000s\000e\000\361\000o\000\040\000d\000e\000l\000\040\000s\000i\000s\000t\000e\000m\000a\000\040\000d\000e\000\040\000c\000o\000n\000t\000r\000o\000l}{chapter.5}% 74
\BOOKMARK [2][-]{subsection.5.8.1}{\376\377\000E\000n\000f\000o\000q\000u\000e\000\040\000g\000e\000n\000e\000r\000a\000l\000\040\000d\000e\000l\000\040\000d\000i\000s\000e\000\361\000o}{section.5.8}% 75
\BOOKMARK [1][-]{section.5.9}{\376\377\000A\000r\000q\000u\000i\000t\000e\000c\000t\000u\000r\000a\000\040\000h\000a\000r\000d\000w\000a\000r\000e}{chapter.5}% 76
\BOOKMARK [2][-]{subsection.5.9.1}{\376\377\000S\000u\000b\000s\000i\000s\000t\000e\000m\000a\000\040\000d\000e\000\040\000a\000l\000i\000m\000e\000n\000t\000a\000c\000i\000\363\000n}{section.5.9}% 77
\BOOKMARK [2][-]{subsection.5.9.2}{\376\377\000S\000u\000b\000s\000i\000s\000t\000e\000m\000a\000\040\000d\000e\000\040\000c\000o\000n\000t\000r\000o\000l}{section.5.9}% 78
\BOOKMARK [2][-]{subsection.5.9.3}{\376\377\000S\000u\000b\000s\000i\000s\000t\000e\000m\000a\000\040\000d\000e\000\040\000a\000c\000c\000i\000o\000n\000a\000m\000i\000e\000n\000t\000o}{section.5.9}% 79
\BOOKMARK [2][-]{subsection.5.9.4}{\376\377\000S\000u\000b\000s\000i\000s\000t\000e\000m\000a\000\040\000d\000e\000\040\000l\000a\000\040\000p\000l\000a\000n\000t\000a}{section.5.9}% 80
\BOOKMARK [2][-]{subsection.5.9.5}{\376\377\000D\000i\000s\000c\000u\000s\000i\000\363\000n\000\040\000d\000e\000\040\000l\000a\000\040\000a\000r\000q\000u\000i\000t\000e\000c\000t\000u\000r\000a\000\040\000h\000a\000r\000d\000w\000a\000r\000e}{section.5.9}% 81
\BOOKMARK [1][-]{section.5.10}{\376\377\000A\000r\000q\000u\000i\000t\000e\000c\000t\000u\000r\000a\000\040\000f\000u\000n\000c\000i\000o\000n\000a\000l\000\040\000d\000e\000l\000\040\000s\000i\000s\000t\000e\000m\000a\000\040\000d\000e\000\040\000c\000o\000n\000t\000r\000o\000l}{chapter.5}% 82
\BOOKMARK [1][-]{section.5.11}{\376\377\000D\000i\000s\000e\000\361\000o\000\040\000s\000o\000f\000t\000w\000a\000r\000e}{chapter.5}% 83
\BOOKMARK [2][-]{subsection.5.11.1}{\376\377\000A\000r\000q\000u\000i\000t\000e\000c\000t\000u\000r\000a\000\040\000s\000o\000f\000t\000w\000a\000r\000e}{section.5.11}% 84
\BOOKMARK [1][-]{section.5.12}{\376\377\000I\000n\000t\000e\000r\000p\000o\000l\000a\000c\000i\000\363\000n\000\040\000b\000i\000l\000i\000n\000e\000a\000l}{chapter.5}% 85
\BOOKMARK [1][-]{section.5.13}{\376\377\000D\000i\000s\000e\000\361\000o\000\040\000d\000e\000\040\000l\000a\000\040\000i\000n\000t\000e\000r\000f\000a\000z}{chapter.5}% 86
\BOOKMARK [0][-]{chapter.6}{\376\377\000R\000e\000s\000u\000l\000t\000a\000d\000o\000s}{}% 87
\BOOKMARK [1][-]{section.6.1}{\376\377\000I\000m\000p\000l\000e\000m\000e\000n\000t\000a\000c\000i\000\363\000n\000\040\000d\000e\000l\000\040\000c\000o\000n\000t\000r\000o\000l\000\040\000d\000e\000\040\000m\000o\000v\000i\000m\000i\000e\000n\000t\000o}{chapter.6}% 88
\BOOKMARK [2][-]{subsection.6.1.1}{\376\377\000I\000m\000p\000l\000e\000m\000e\000n\000t\000a\000c\000i\000\363\000n\000\040\000i\000n\000i\000c\000i\000a\000l\000\040\000d\000e\000l\000\040\000m\000o\000v\000i\000m\000i\000e\000n\000t\000o}{section.6.1}% 89
\BOOKMARK [2][-]{subsection.6.1.2}{\376\377\000D\000e\000t\000e\000c\000c\000i\000\363\000n\000\040\000d\000e\000\040\000p\000r\000o\000b\000l\000e\000m\000a\000s\000\040\000m\000e\000c\000\341\000n\000i\000c\000o\000s}{section.6.1}% 90
\BOOKMARK [2][-]{subsection.6.1.3}{\376\377\000P\000r\000o\000b\000l\000e\000m\000a\000\040\000d\000e\000\040\000b\000a\000c\000k\000l\000a\000s\000h\000\040\000e\000\040\000h\000i\000s\000t\000\351\000r\000e\000s\000i\000s\000\040\000e\000n\000\040\000e\000l\000\040\000e\000j\000e\000\040\000Z}{section.6.1}% 91
\BOOKMARK [2][-]{subsection.6.1.4}{\376\377\000I\000m\000p\000l\000e\000m\000e\000n\000t\000a\000c\000i\000\363\000n\000\040\000d\000e\000l\000\040\000h\000o\000m\000i\000n\000g\000\040\000y\000\040\000e\000s\000t\000a\000b\000l\000e\000c\000i\000m\000i\000e\000n\000t\000o\000\040\000d\000e\000\040\000r\000e\000f\000e\000r\000e\000n\000c\000i\000a\000s}{section.6.1}% 92
\BOOKMARK [2][-]{subsection.6.1.5}{\376\377\000C\000o\000m\000p\000e\000n\000s\000a\000c\000i\000\363\000n\000\040\000d\000e\000l\000\040\000b\000a\000c\000k\000l\000a\000s\000h}{section.6.1}% 93
\BOOKMARK [2][-]{subsection.6.1.6}{\376\377\000R\000e\000s\000u\000l\000t\000a\000d\000o\000\040\000d\000e\000\040\000l\000a\000\040\000e\000v\000o\000l\000u\000c\000i\000\363\000n\000\040\000d\000e\000l\000\040\000c\000o\000n\000t\000r\000o\000l\000\040\000d\000e\000\040\000m\000o\000v\000i\000m\000i\000e\000n\000t\000o}{section.6.1}% 94
\BOOKMARK [2][-]{subsection.6.1.7}{\376\377\000D\000e\000t\000e\000c\000c\000i\000\363\000n\000\040\000d\000e\000\040\000p\000r\000o\000b\000l\000e\000m\000a\000s\000\040\000s\000o\000f\000t\000w\000a\000r\000e}{section.6.1}% 95
\BOOKMARK [1][-]{section.6.2}{\376\377\000V\000a\000l\000i\000d\000a\000c\000i\000\363\000n\000\040\000d\000e\000l\000\040\000p\000r\000o\000t\000o\000t\000i\000p\000o}{chapter.6}% 96
\BOOKMARK [1][-]{section.6.3}{\376\377\000D\000e\000m\000o\000s\000t\000r\000a\000c\000i\000\363\000n\000\040\000d\000e\000l\000\040\000m\000o\000v\000i\000m\000i\000e\000n\000t\000o\000\040\000d\000e\000l\000\040\000s\000i\000s\000t\000e\000m\000a}{chapter.6}% 97
\BOOKMARK [1][-]{section.6.4}{\376\377\000V\000a\000l\000i\000d\000a\000c\000i\000\363\000n\000\040\000d\000e\000\040\000l\000a\000\040\000p\000r\000e\000c\000i\000s\000i\000\363\000n\000\040\000d\000e\000\040\000p\000o\000s\000i\000c\000i\000o\000n\000a\000m\000i\000e\000n\000t\000o}{chapter.6}% 98
\BOOKMARK [1][-]{section.6.5}{\376\377\000R\000e\000s\000u\000l\000t\000a\000d\000o\000s\000\040\000e\000n\000\040\000e\000l\000\040\000m\000o\000d\000o\000\040\000a\000u\000t\000o\000m\000\341\000t\000i\000c\000o}{chapter.6}% 99
\BOOKMARK [1][-]{section.6.6}{\376\377\000V\000a\000l\000i\000d\000a\000c\000i\000\363\000n\000\040\000d\000e\000l\000\040\000m\000o\000d\000o\000\040\000e\000f\000e\000m\000\351\000r\000i\000d\000e\000s}{chapter.6}% 100
\BOOKMARK [1][-]{section.6.7}{\376\377\000C\000o\000n\000s\000u\000m\000o\000\040\000e\000n\000e\000r\000g\000\351\000t\000i\000c\000o}{chapter.6}% 101
\BOOKMARK [0][-]{chapter.7}{\376\377\000C\000o\000n\000c\000l\000u\000s\000i\000o\000n\000e\000s}{}% 102
\BOOKMARK [1][-]{section.7.1}{\376\377\000E\000v\000a\000l\000u\000a\000c\000i\000\363\000n\000\040\000g\000l\000o\000b\000a\000l\000\040\000d\000e\000\040\000l\000o\000s\000\040\000r\000e\000s\000u\000l\000t\000a\000d\000o\000s}{chapter.7}% 103
\BOOKMARK [1][-]{section.7.2}{\376\377\000D\000i\000s\000c\000u\000s\000i\000\363\000n\000\040\000d\000e\000\040\000a\000s\000p\000e\000c\000t\000o\000s\000\040\000c\000l\000a\000v\000e}{chapter.7}% 104
\BOOKMARK [1][-]{section.7.3}{\376\377\000R\000e\000n\000d\000i\000m\000i\000e\000n\000t\000o\000\040\000d\000e\000\040\000l\000a\000\040\000s\000e\000l\000e\000c\000c\000i\000\363\000n\000\040\000t\000e\000c\000n\000o\000l\000\363\000g\000i\000c\000a}{chapter.7}% 105
\BOOKMARK [1][-]{section.7.4}{\376\377\000F\000i\000a\000b\000i\000l\000i\000d\000a\000d\000\040\000d\000e\000l\000\040\000d\000i\000s\000e\000\361\000o}{chapter.7}% 106
\BOOKMARK [1][-]{section.7.5}{\376\377\000L\000i\000m\000i\000t\000a\000c\000i\000o\000n\000e\000s\000\040\000d\000e\000l\000\040\000s\000i\000s\000t\000e\000m\000a}{chapter.7}% 107
\BOOKMARK [1][-]{section.7.6}{\376\377\000A\000p\000o\000r\000t\000a\000c\000i\000\363\000n\000\040\000d\000e\000l\000\040\000p\000r\000o\000y\000e\000c\000t\000o}{chapter.7}% 108
\BOOKMARK [1][-]{section.7.7}{\376\377\000L\000\355\000n\000e\000a\000s\000\040\000d\000e\000\040\000t\000r\000a\000b\000a\000j\000o\000\040\000f\000u\000t\000u\000r\000o}{chapter.7}% 109
\BOOKMARK [1][-]{section.7.8}{\376\377\000I\000m\000p\000a\000c\000t\000o\000\040\000a\000m\000b\000i\000e\000n\000t\000a\000l}{chapter.7}% 110
\BOOKMARK [0][-]{appendix.Alph1}{\376\377\000A\000n\000e\000x\000o}{}% 111
\BOOKMARK [1][-]{section.Alph1.1}{\376\377\000E\000n\000s\000a\000y\000o\000s\000\040\000d\000e\000\040\000m\000o\000v\000i\000m\000i\000e\000n\000t\000o}{appendix.Alph1}% 112
\BOOKMARK [1][-]{section.Alph1.2}{\376\377\000H\000o\000j\000a\000s\000\040\000d\000e\000\040\000c\000a\000r\000a\000c\000t\000e\000r\000\355\000s\000t\000i\000c\000a\000s}{appendix.Alph1}% 113
\BOOKMARK [2][-]{subsection.Alph1.2.1}{\376\377\000E\000S\000P\0003\0002\000-\000S\0003\000-\000D\000e\000v\000k\000i\000t\000-\000C\0001}{section.Alph1.2}% 114
\BOOKMARK [0][-]{figure.caption.93}{\376\377\000B\000i\000b\000l\000i\000o\000g\000r\000a\000f\000i\000a}{}% 115
